// Jest Snapshot v1, https://goo.gl/fbAQLP

exports[`Pruebas en el componente HeroScreen Debe de mostrar un héroe si el parámetro existe y se encuentra 1`] = `
<article
  className="row mt-5"
>
  <div
    className="col-4"
  >
    <img
      alt="Spider Man"
      className="img-thumbnail animate__animated animate__fadeInLeft"
      src="/assets/marvel-spider.jpg"
    />
  </div>
  <div
    className="col-8 animate__animated animate__fadeIn"
  >
    <h3>
      Spider Man
    </h3>
    <ul
      className="list-group"
    >
      <li
        className="list-group-item"
      >
        <b>
          Alter ego:
        </b>
         
        Peter Parker
      </li>
      <li
        className="list-group-item"
      >
        <b>
          Publisher:
        </b>
         
        Marvel Comics
      </li>
      <li
        className="list-group-item"
      >
        <b>
          First appearance:
        </b>
         
        Amazing Fantasy #15
      </li>
    </ul>
    <h4
      className="mt-4"
    >
      Characters
    </h4>
    <p>
      Peter Parker
    </p>
    <button
      className="btn btn-outline-info"
      onClick={[Function]}
    >
      Regresar
    </button>
  </div>
</article>
`;
