// Jest Snapshot v1, https://goo.gl/fbAQLP

exports[`Pruebas en la ruta PrivateRoute Debe de mostrar el componente si est√° autenticado y guardar en localStorage 1`] = `
<h1>
  Private Component
</h1>
`;
